{"all":{"_35Count":[[298,474,176,4482],[159,153,153,4965],[494,493,3338,1105],[2905,1151,331,1043],[1345,2789,291,1005],[3080,451,1043,856]],"_10Count":[[410,627,589,3804],[4417,190,217,606],[1389,699,529,2813],[3415,766,604,645],[3514,661,658,597],[305,594,95,4436]],"predictions":5430,"gapTotal":95688,"map":[0,0,0,0,0,0,0,0,0,0,0,0,0,0,0,0,0,0,0,0,0,0,0,0,0,0,0,0,0,0,0,0,0,0,0,0,0,0,0,0,0,0,0,0,0,0,0,0,0,0,0,0,0,0,0,0,0,0,0,0,0,0,0,0,0,0,0,1,0,0,0,2,0,0,0,0,0,0,0,0,0,0,0,0,3,0,0,0,0,0,0,0,0,0,0,0,0,0,0,1,0,0,0,2,0,0,0,0,0,0,0,0,0,0,0,0,3,0,0,0,0,0,0,0,0,0,0,0],"alphabet":"ACGT"},"fixB":{"_35Count":[[54,87,37,787],[38,26,22,879],[83,75,579,228],[547,181,62,175],[239,500,49,177],[547,71,210,137]],"_10Count":[[67,124,102,672],[770,29,41,125],[232,125,102,506],[623,155,90,97],[620,97,128,120],[70,109,12,774]],"predictions":965,"gapTotal":17051,"map":[0,0,0,0,0,0,0,0,0,0,0,0,0,0,0,0,0,0,0,0,0,0,0,0,0,0,0,0,0,0,0,0,0,0,0,0,0,0,0,0,0,0,0,0,0,0,0,0,0,0,0,0,0,0,0,0,0,0,0,0,0,0,0,0,0,0,0,1,0,0,0,2,0,0,0,0,0,0,0,0,0,0,0,0,3,0,0,0,0,0,0,0,0,0,0,0,0,0,0,1,0,0,0,2,0,0,0,0,0,0,0,0,0,0,0,0,3,0,0,0,0,0,0,0,0,0,0,0],"alphabet":"ACGT"},"carA":{"_35Count":[[65,96,31,887],[23,35,30,991],[100,76,700,203],[599,223,65,192],[269,546,68,196],[618,99,174,188]],"_10Count":[[80,118,128,753],[893,43,39,104],[281,131,128,539],[680,139,123,137],[660,134,158,127],[69,131,11,868]],"predictions":1079,"gapTotal":19066,"map":[0,0,0,0,0,0,0,0,0,0,0,0,0,0,0,0,0,0,0,0,0,0,0,0,0,0,0,0,0,0,0,0,0,0,0,0,0,0,0,0,0,0,0,0,0,0,0,0,0,0,0,0,0,0,0,0,0,0,0,0,0,0,0,0,0,0,0,1,0,0,0,2,0,0,0,0,0,0,0,0,0,0,0,0,3,0,0,0,0,0,0,0,0,0,0,0,0,0,0,1,0,0,0,2,0,0,0,0,0,0,0,0,0,0,0,0,3,0,0,0,0,0,0,0,0,0,0,0],"alphabet":"ACGT"},"fixA":{"_35Count":[[34,100,30,732],[21,32,31,812],[86,83,542,185],[446,199,65,186],[195,480,47,174],[511,66,173,146]],"_10Count":[[85,106,100,605],[747,33,34,82],[197,143,81,475],[577,117,102,100],[604,110,109,73],[35,109,18,734]],"predictions":896,"gapTotal":15728,"map":[0,0,0,0,0,0,0,0,0,0,0,0,0,0,0,0,0,0,0,0,0,0,0,0,0,0,0,0,0,0,0,0,0,0,0,0,0,0,0,0,0,0,0,0,0,0,0,0,0,0,0,0,0,0,0,0,0,0,0,0,0,0,0,0,0,0,0,1,0,0,0,2,0,0,0,0,0,0,0,0,0,0,0,0,3,0,0,0,0,0,0,0,0,0,0,0,0,0,0,1,0,0,0,2,0,0,0,0,0,0,0,0,0,0,0,0,3,0,0,0,0,0,0,0,0,0,0,0],"alphabet":"ACGT"},"caiF":{"_35Count":[[0,0,0,11],[0,0,0,11],[0,8,2,1],[11,0,0,0],[5,2,0,4],[10,0,0,1]],"_10Count":[[0,0,5,6],[6,0,0,5],[4,0,0,7],[9,0,0,2],[9,2,0,0],[0,0,0,11]],"predictions":11,"gapTotal":198,"map":[0,0,0,0,0,0,0,0,0,0,0,0,0,0,0,0,0,0,0,0,0,0,0,0,0,0,0,0,0,0,0,0,0,0,0,0,0,0,0,0,0,0,0,0,0,0,0,0,0,0,0,0,0,0,0,0,0,0,0,0,0,0,0,0,0,0,0,1,0,0,0,2,0,0,0,0,0,0,0,0,0,0,0,0,3,0,0,0,0,0,0,0,0,0,0,0,0,0,0,1,0,0,0,2,0,0,0,0,0,0,0,0,0,0,0,0,3,0,0,0,0,0,0,0,0,0,0,0],"alphabet":"ACGT"},"caiD":{"_35Count":[[16,45,15,474],[10,24,13,503],[40,46,337,127],[297,105,23,125],[137,285,40,88],[297,67,99,87]],"_10Count":[[33,65,59,393],[468,16,17,49],[140,95,58,257],[326,88,80,56],[359,76,70,45],[33,68,20,429]],"predictions":550,"gapTotal":9695,"map":[0,0,0,0,0,0,0,0,0,0,0,0,0,0,0,0,0,0,0,0,0,0,0,0,0,0,0,0,0,0,0,0,0,0,0,0,0,0,0,0,0,0,0,0,0,0,0,0,0,0,0,0,0,0,0,0,0,0,0,0,0,0,0,0,0,0,0,1,0,0,0,2,0,0,0,0,0,0,0,0,0,0,0,0,3,0,0,0,0,0,0,0,0,0,0,0,0,0,0,1,0,0,0,2,0,0,0,0,0,0,0,0,0,0,0,0,3,0,0,0,0,0,0,0,0,0,0,0],"alphabet":"ACGT"},"yaaY":{"_35Count":[[0,0,0,4],[0,0,0,4],[0,0,4,0],[0,0,0,4],[0,4,0,0],[0,0,4,0]],"_10Count":[[0,0,0,4],[4,0,0,0],[0,0,0,4],[4,0,0,0],[0,4,0,0],[0,0,0,4]],"predictions":4,"gapTotal":72,"map":[0,0,0,0,0,0,0,0,0,0,0,0,0,0,0,0,0,0,0,0,0,0,0,0,0,0,0,0,0,0,0,0,0,0,0,0,0,0,0,0,0,0,0,0,0,0,0,0,0,0,0,0,0,0,0,0,0,0,0,0,0,0,0,0,0,0,0,1,0,0,0,2,0,0,0,0,0,0,0,0,0,0,0,0,3,0,0,0,0,0,0,0,0,0,0,0,0,0,0,1,0,0,0,2,0,0,0,0,0,0,0,0,0,0,0,0,3,0,0,0,0,0,0,0,0,0,0,0],"alphabet":"ACGT"},"nhaA":{"_35Count":[[126,142,61,1550],[65,34,57,1723],[183,197,1147,352],[974,434,115,356],[494,946,82,357],[1069,145,375,290]],"_10Count":[[144,200,191,1344],[1495,68,86,230],[527,200,156,996],[1177,257,205,240],[1220,235,192,232],[97,166,34,1582]],"predictions":1879,"gapTotal":33074,"map":[0,0,0,0,0,0,0,0,0,0,0,0,0,0,0,0,0,0,0,0,0,0,0,0,0,0,0,0,0,0,0,0,0,0,0,0,0,0,0,0,0,0,0,0,0,0,0,0,0,0,0,0,0,0,0,0,0,0,0,0,0,0,0,0,0,0,0,1,0,0,0,2,0,0,0,0,0,0,0,0,0,0,0,0,3,0,0,0,0,0,0,0,0,0,0,0,0,0,0,1,0,0,0,2,0,0,0,0,0,0,0,0,0,0,0,0,3,0,0,0,0,0,0,0,0,0,0,0],"alphabet":"ACGT"},"folA":{"_35Count":[[3,4,2,37],[2,2,0,42],[2,8,27,9],[31,9,1,5],[6,26,5,9],[28,3,8,7]],"_10Count":[[1,14,4,27],[34,1,0,11],[8,5,4,29],[19,10,4,13],[42,3,1,0],[1,11,0,34]],"predictions":46,"gapTotal":804,"map":[0,0,0,0,0,0,0,0,0,0,0,0,0,0,0,0,0,0,0,0,0,0,0,0,0,0,0,0,0,0,0,0,0,0,0,0,0,0,0,0,0,0,0,0,0,0,0,0,0,0,0,0,0,0,0,0,0,0,0,0,0,0,0,0,0,0,0,1,0,0,0,2,0,0,0,0,0,0,0,0,0,0,0,0,3,0,0,0,0,0,0,0,0,0,0,0,0,0,0,1,0,0,0,2,0,0,0,0,0,0,0,0,0,0,0,0,3,0,0,0,0,0,0,0,0,0,0,0],"alphabet":"ACGT"}}