{"all":{"_35Count":[[79,123,47,1115],[44,31,33,1256],[129,121,842,272],[749,285,83,247],[342,699,70,253],[788,110,268,198]],"_10Count":[[118,161,137,948],[1121,47,57,139],[360,176,124,704],[851,205,150,158],[881,158,183,142],[77,159,25,1103]],"predictions":1364,"gapTotal":24002,"map":[0,0,0,0,0,0,0,0,0,0,0,0,0,0,0,0,0,0,0,0,0,0,0,0,0,0,0,0,0,0,0,0,0,0,0,0,0,0,0,0,0,0,0,0,0,0,0,0,0,0,0,0,0,0,0,0,0,0,0,0,0,0,0,0,0,0,0,1,0,0,0,2,0,0,0,0,0,0,0,0,0,0,0,0,3,0,0,0,0,0,0,0,0,0,0,0,0,0,0,1,0,0,0,2,0,0,0,0,0,0,0,0,0,0,0,0,3,0,0,0,0,0,0,0,0,0,0,0],"alphabet":"ACGT"},"fixB":{"_35Count":[[17,21,11,194],[9,4,4,226],[21,19,148,55],[143,42,16,42],[63,127,9,44],[136,15,61,31]],"_10Count":[[16,34,23,170],[196,8,9,30],[57,35,26,125],[156,41,24,22],[154,22,37,30],[20,31,3,189]],"predictions":243,"gapTotal":4284,"map":[0,0,0,0,0,0,0,0,0,0,0,0,0,0,0,0,0,0,0,0,0,0,0,0,0,0,0,0,0,0,0,0,0,0,0,0,0,0,0,0,0,0,0,0,0,0,0,0,0,0,0,0,0,0,0,0,0,0,0,0,0,0,0,0,0,0,0,1,0,0,0,2,0,0,0,0,0,0,0,0,0,0,0,0,3,0,0,0,0,0,0,0,0,0,0,0,0,0,0,1,0,0,0,2,0,0,0,0,0,0,0,0,0,0,0,0,3,0,0,0,0,0,0,0,0,0,0,0],"alphabet":"ACGT"},"carA":{"_35Count":[[14,28,8,224],[8,7,7,252],[27,20,175,52],[153,55,18,48],[76,127,20,51],[173,23,44,34]],"_10Count":[[19,33,30,192],[225,12,10,27],[73,33,29,139],[166,41,32,35],[169,34,40,31],[18,36,2,218]],"predictions":274,"gapTotal":4842,"map":[0,0,0,0,0,0,0,0,0,0,0,0,0,0,0,0,0,0,0,0,0,0,0,0,0,0,0,0,0,0,0,0,0,0,0,0,0,0,0,0,0,0,0,0,0,0,0,0,0,0,0,0,0,0,0,0,0,0,0,0,0,0,0,0,0,0,0,1,0,0,0,2,0,0,0,0,0,0,0,0,0,0,0,0,3,0,0,0,0,0,0,0,0,0,0,0,0,0,0,1,0,0,0,2,0,0,0,0,0,0,0,0,0,0,0,0,3,0,0,0,0,0,0,0,0,0,0,0],"alphabet":"ACGT"},"fixA":{"_35Count":[[11,26,5,183],[7,7,6,205],[24,22,132,47],[118,50,15,42],[51,123,12,39],[128,16,50,31]],"_10Count":[[24,23,21,157],[188,10,11,16],[52,34,22,117],[145,32,26,22],[152,29,29,15],[7,32,4,182]],"predictions":225,"gapTotal":3965,"map":[0,0,0,0,0,0,0,0,0,0,0,0,0,0,0,0,0,0,0,0,0,0,0,0,0,0,0,0,0,0,0,0,0,0,0,0,0,0,0,0,0,0,0,0,0,0,0,0,0,0,0,0,0,0,0,0,0,0,0,0,0,0,0,0,0,0,0,1,0,0,0,2,0,0,0,0,0,0,0,0,0,0,0,0,3,0,0,0,0,0,0,0,0,0,0,0,0,0,0,1,0,0,0,2,0,0,0,0,0,0,0,0,0,0,0,0,3,0,0,0,0,0,0,0,0,0,0,0],"alphabet":"ACGT"},"caiF":{"_35Count":[[0,0,0,3],[0,0,0,3],[0,2,1,0],[3,0,0,0],[1,1,0,1],[3,0,0,0]],"_10Count":[[0,0,1,2],[1,0,0,2],[1,0,0,2],[2,0,0,1],[2,1,0,0],[0,0,0,3]],"predictions":3,"gapTotal":54,"map":[0,0,0,0,0,0,0,0,0,0,0,0,0,0,0,0,0,0,0,0,0,0,0,0,0,0,0,0,0,0,0,0,0,0,0,0,0,0,0,0,0,0,0,0,0,0,0,0,0,0,0,0,0,0,0,0,0,0,0,0,0,0,0,0,0,0,0,1,0,0,0,2,0,0,0,0,0,0,0,0,0,0,0,0,3,0,0,0,0,0,0,0,0,0,0,0,0,0,0,1,0,0,0,2,0,0,0,0,0,0,0,0,0,0,0,0,3,0,0,0,0,0,0,0,0,0,0,0],"alphabet":"ACGT"},"caiD":{"_35Count":[[5,12,7,115],[4,5,2,128],[10,9,89,31],[79,25,4,31],[37,73,8,21],[79,16,22,22]],"_10Count":[[10,20,15,94],[122,2,5,10],[42,19,13,65],[84,21,21,13],[89,20,20,10],[7,15,6,111]],"predictions":139,"gapTotal":2438,"map":[0,0,0,0,0,0,0,0,0,0,0,0,0,0,0,0,0,0,0,0,0,0,0,0,0,0,0,0,0,0,0,0,0,0,0,0,0,0,0,0,0,0,0,0,0,0,0,0,0,0,0,0,0,0,0,0,0,0,0,0,0,0,0,0,0,0,0,1,0,0,0,2,0,0,0,0,0,0,0,0,0,0,0,0,3,0,0,0,0,0,0,0,0,0,0,0,0,0,0,1,0,0,0,2,0,0,0,0,0,0,0,0,0,0,0,0,3,0,0,0,0,0,0,0,0,0,0,0],"alphabet":"ACGT"},"yaaY":{"_35Count":[[0,0,0,1],[0,0,0,1],[0,0,1,0],[0,0,0,1],[0,1,0,0],[0,0,1,0]],"_10Count":[[0,0,0,1],[1,0,0,0],[0,0,0,1],[1,0,0,0],[0,1,0,0],[0,0,0,1]],"predictions":1,"gapTotal":18,"map":[0,0,0,0,0,0,0,0,0,0,0,0,0,0,0,0,0,0,0,0,0,0,0,0,0,0,0,0,0,0,0,0,0,0,0,0,0,0,0,0,0,0,0,0,0,0,0,0,0,0,0,0,0,0,0,0,0,0,0,0,0,0,0,0,0,0,0,1,0,0,0,2,0,0,0,0,0,0,0,0,0,0,0,0,3,0,0,0,0,0,0,0,0,0,0,0,0,0,0,1,0,0,0,2,0,0,0,0,0,0,0,0,0,0,0,0,3,0,0,0,0,0,0,0,0,0,0,0],"alphabet":"ACGT"},"nhaA":{"_35Count":[[30,36,15,385],[16,8,14,428],[47,46,289,84],[246,109,30,81],[112,240,20,94],[260,40,88,78]],"_10Count":[[49,47,46,324],[377,15,22,52],[134,51,32,249],[292,67,45,62],[303,50,57,56],[25,40,10,391]],"predictions":466,"gapTotal":8171,"map":[0,0,0,0,0,0,0,0,0,0,0,0,0,0,0,0,0,0,0,0,0,0,0,0,0,0,0,0,0,0,0,0,0,0,0,0,0,0,0,0,0,0,0,0,0,0,0,0,0,0,0,0,0,0,0,0,0,0,0,0,0,0,0,0,0,0,0,1,0,0,0,2,0,0,0,0,0,0,0,0,0,0,0,0,3,0,0,0,0,0,0,0,0,0,0,0,0,0,0,1,0,0,0,2,0,0,0,0,0,0,0,0,0,0,0,0,3,0,0,0,0,0,0,0,0,0,0,0],"alphabet":"ACGT"},"folA":{"_35Count":[[2,0,1,10],[0,0,0,13],[0,3,7,3],[7,4,0,2],[2,7,1,3],[9,0,2,2]],"_10Count":[[0,4,1,8],[11,0,0,2],[1,4,2,6],[5,3,2,3],[12,1,0,0],[0,5,0,8]],"predictions":13,"gapTotal":230,"map":[0,0,0,0,0,0,0,0,0,0,0,0,0,0,0,0,0,0,0,0,0,0,0,0,0,0,0,0,0,0,0,0,0,0,0,0,0,0,0,0,0,0,0,0,0,0,0,0,0,0,0,0,0,0,0,0,0,0,0,0,0,0,0,0,0,0,0,1,0,0,0,2,0,0,0,0,0,0,0,0,0,0,0,0,3,0,0,0,0,0,0,0,0,0,0,0,0,0,0,1,0,0,0,2,0,0,0,0,0,0,0,0,0,0,0,0,3,0,0,0,0,0,0,0,0,0,0,0],"alphabet":"ACGT"}}