{"all":{"_35Count":[[0,0,0,3],[0,0,0,3],[0,2,1,0],[3,0,0,0],[1,1,0,1],[3,0,0,0]],"_10Count":[[0,0,1,2],[1,0,0,2],[1,0,0,2],[2,0,0,1],[2,1,0,0],[0,0,0,3]],"predictions":3,"gapTotal":54,"map":[0,0,0,0,0,0,0,0,0,0,0,0,0,0,0,0,0,0,0,0,0,0,0,0,0,0,0,0,0,0,0,0,0,0,0,0,0,0,0,0,0,0,0,0,0,0,0,0,0,0,0,0,0,0,0,0,0,0,0,0,0,0,0,0,0,0,0,1,0,0,0,2,0,0,0,0,0,0,0,0,0,0,0,0,3,0,0,0,0,0,0,0,0,0,0,0,0,0,0,1,0,0,0,2,0,0,0,0,0,0,0,0,0,0,0,0,3,0,0,0,0,0,0,0,0,0,0,0],"alphabet":"ACGT"},"caiF":{"_35Count":[[0,0,0,3],[0,0,0,3],[0,2,1,0],[3,0,0,0],[1,1,0,1],[3,0,0,0]],"_10Count":[[0,0,1,2],[1,0,0,2],[1,0,0,2],[2,0,0,1],[2,1,0,0],[0,0,0,3]],"predictions":3,"gapTotal":54,"map":[0,0,0,0,0,0,0,0,0,0,0,0,0,0,0,0,0,0,0,0,0,0,0,0,0,0,0,0,0,0,0,0,0,0,0,0,0,0,0,0,0,0,0,0,0,0,0,0,0,0,0,0,0,0,0,0,0,0,0,0,0,0,0,0,0,0,0,1,0,0,0,2,0,0,0,0,0,0,0,0,0,0,0,0,3,0,0,0,0,0,0,0,0,0,0,0,0,0,0,1,0,0,0,2,0,0,0,0,0,0,0,0,0,0,0,0,3,0,0,0,0,0,0,0,0,0,0,0],"alphabet":"ACGT"}}