{"all":{"_35Count":[[14,28,8,224],[8,7,7,252],[27,20,175,52],[153,55,18,48],[76,127,20,51],[173,23,44,34]],"_10Count":[[19,33,30,192],[225,12,10,27],[73,33,29,139],[166,41,32,35],[169,34,40,31],[18,36,2,218]],"predictions":274,"gapTotal":4842,"map":[0,0,0,0,0,0,0,0,0,0,0,0,0,0,0,0,0,0,0,0,0,0,0,0,0,0,0,0,0,0,0,0,0,0,0,0,0,0,0,0,0,0,0,0,0,0,0,0,0,0,0,0,0,0,0,0,0,0,0,0,0,0,0,0,0,0,0,1,0,0,0,2,0,0,0,0,0,0,0,0,0,0,0,0,3,0,0,0,0,0,0,0,0,0,0,0,0,0,0,1,0,0,0,2,0,0,0,0,0,0,0,0,0,0,0,0,3,0,0,0,0,0,0,0,0,0,0,0],"alphabet":"ACGT"},"carA":{"_35Count":[[14,28,8,224],[8,7,7,252],[27,20,175,52],[153,55,18,48],[76,127,20,51],[173,23,44,34]],"_10Count":[[19,33,30,192],[225,12,10,27],[73,33,29,139],[166,41,32,35],[169,34,40,31],[18,36,2,218]],"predictions":274,"gapTotal":4842,"map":[0,0,0,0,0,0,0,0,0,0,0,0,0,0,0,0,0,0,0,0,0,0,0,0,0,0,0,0,0,0,0,0,0,0,0,0,0,0,0,0,0,0,0,0,0,0,0,0,0,0,0,0,0,0,0,0,0,0,0,0,0,0,0,0,0,0,0,1,0,0,0,2,0,0,0,0,0,0,0,0,0,0,0,0,3,0,0,0,0,0,0,0,0,0,0,0,0,0,0,1,0,0,0,2,0,0,0,0,0,0,0,0,0,0,0,0,3,0,0,0,0,0,0,0,0,0,0,0],"alphabet":"ACGT"}}