{"all":{"_35Count":[[17,21,11,194],[9,4,4,226],[21,19,148,55],[143,42,16,42],[63,127,9,44],[136,15,61,31]],"_10Count":[[16,34,23,170],[196,8,9,30],[57,35,26,125],[156,41,24,22],[154,22,37,30],[20,31,3,189]],"predictions":243,"gapTotal":4284,"map":[0,0,0,0,0,0,0,0,0,0,0,0,0,0,0,0,0,0,0,0,0,0,0,0,0,0,0,0,0,0,0,0,0,0,0,0,0,0,0,0,0,0,0,0,0,0,0,0,0,0,0,0,0,0,0,0,0,0,0,0,0,0,0,0,0,0,0,1,0,0,0,2,0,0,0,0,0,0,0,0,0,0,0,0,3,0,0,0,0,0,0,0,0,0,0,0,0,0,0,1,0,0,0,2,0,0,0,0,0,0,0,0,0,0,0,0,3,0,0,0,0,0,0,0,0,0,0,0],"alphabet":"ACGT"},"fixB":{"_35Count":[[17,21,11,194],[9,4,4,226],[21,19,148,55],[143,42,16,42],[63,127,9,44],[136,15,61,31]],"_10Count":[[16,34,23,170],[196,8,9,30],[57,35,26,125],[156,41,24,22],[154,22,37,30],[20,31,3,189]],"predictions":243,"gapTotal":4284,"map":[0,0,0,0,0,0,0,0,0,0,0,0,0,0,0,0,0,0,0,0,0,0,0,0,0,0,0,0,0,0,0,0,0,0,0,0,0,0,0,0,0,0,0,0,0,0,0,0,0,0,0,0,0,0,0,0,0,0,0,0,0,0,0,0,0,0,0,1,0,0,0,2,0,0,0,0,0,0,0,0,0,0,0,0,3,0,0,0,0,0,0,0,0,0,0,0,0,0,0,1,0,0,0,2,0,0,0,0,0,0,0,0,0,0,0,0,3,0,0,0,0,0,0,0,0,0,0,0],"alphabet":"ACGT"}}