{"all":{"_35Count":[[2,0,1,10],[0,0,0,13],[0,3,7,3],[7,4,0,2],[2,7,1,3],[9,0,2,2]],"_10Count":[[0,4,1,8],[11,0,0,2],[1,4,2,6],[5,3,2,3],[12,1,0,0],[0,5,0,8]],"predictions":13,"gapTotal":230,"map":[0,0,0,0,0,0,0,0,0,0,0,0,0,0,0,0,0,0,0,0,0,0,0,0,0,0,0,0,0,0,0,0,0,0,0,0,0,0,0,0,0,0,0,0,0,0,0,0,0,0,0,0,0,0,0,0,0,0,0,0,0,0,0,0,0,0,0,1,0,0,0,2,0,0,0,0,0,0,0,0,0,0,0,0,3,0,0,0,0,0,0,0,0,0,0,0,0,0,0,1,0,0,0,2,0,0,0,0,0,0,0,0,0,0,0,0,3,0,0,0,0,0,0,0,0,0,0,0],"alphabet":"ACGT"},"folA":{"_35Count":[[2,0,1,10],[0,0,0,13],[0,3,7,3],[7,4,0,2],[2,7,1,3],[9,0,2,2]],"_10Count":[[0,4,1,8],[11,0,0,2],[1,4,2,6],[5,3,2,3],[12,1,0,0],[0,5,0,8]],"predictions":13,"gapTotal":230,"map":[0,0,0,0,0,0,0,0,0,0,0,0,0,0,0,0,0,0,0,0,0,0,0,0,0,0,0,0,0,0,0,0,0,0,0,0,0,0,0,0,0,0,0,0,0,0,0,0,0,0,0,0,0,0,0,0,0,0,0,0,0,0,0,0,0,0,0,1,0,0,0,2,0,0,0,0,0,0,0,0,0,0,0,0,3,0,0,0,0,0,0,0,0,0,0,0,0,0,0,1,0,0,0,2,0,0,0,0,0,0,0,0,0,0,0,0,3,0,0,0,0,0,0,0,0,0,0,0],"alphabet":"ACGT"}}