{"all":{"_35Count":[[30,36,15,385],[16,8,14,428],[47,46,289,84],[246,109,30,81],[112,240,20,94],[260,40,88,78]],"_10Count":[[49,47,46,324],[377,15,22,52],[134,51,32,249],[292,67,45,62],[303,50,57,56],[25,40,10,391]],"predictions":466,"gapTotal":8171,"map":[0,0,0,0,0,0,0,0,0,0,0,0,0,0,0,0,0,0,0,0,0,0,0,0,0,0,0,0,0,0,0,0,0,0,0,0,0,0,0,0,0,0,0,0,0,0,0,0,0,0,0,0,0,0,0,0,0,0,0,0,0,0,0,0,0,0,0,1,0,0,0,2,0,0,0,0,0,0,0,0,0,0,0,0,3,0,0,0,0,0,0,0,0,0,0,0,0,0,0,1,0,0,0,2,0,0,0,0,0,0,0,0,0,0,0,0,3,0,0,0,0,0,0,0,0,0,0,0],"alphabet":"ACGT"},"nhaA":{"_35Count":[[30,36,15,385],[16,8,14,428],[47,46,289,84],[246,109,30,81],[112,240,20,94],[260,40,88,78]],"_10Count":[[49,47,46,324],[377,15,22,52],[134,51,32,249],[292,67,45,62],[303,50,57,56],[25,40,10,391]],"predictions":466,"gapTotal":8171,"map":[0,0,0,0,0,0,0,0,0,0,0,0,0,0,0,0,0,0,0,0,0,0,0,0,0,0,0,0,0,0,0,0,0,0,0,0,0,0,0,0,0,0,0,0,0,0,0,0,0,0,0,0,0,0,0,0,0,0,0,0,0,0,0,0,0,0,0,1,0,0,0,2,0,0,0,0,0,0,0,0,0,0,0,0,3,0,0,0,0,0,0,0,0,0,0,0,0,0,0,1,0,0,0,2,0,0,0,0,0,0,0,0,0,0,0,0,3,0,0,0,0,0,0,0,0,0,0,0],"alphabet":"ACGT"}}