{"all":{"_35Count":[[0,0,0,1],[0,0,0,1],[0,0,1,0],[0,0,0,1],[0,1,0,0],[0,0,1,0]],"_10Count":[[0,0,0,1],[1,0,0,0],[0,0,0,1],[1,0,0,0],[0,1,0,0],[0,0,0,1]],"predictions":1,"gapTotal":18,"map":[0,0,0,0,0,0,0,0,0,0,0,0,0,0,0,0,0,0,0,0,0,0,0,0,0,0,0,0,0,0,0,0,0,0,0,0,0,0,0,0,0,0,0,0,0,0,0,0,0,0,0,0,0,0,0,0,0,0,0,0,0,0,0,0,0,0,0,1,0,0,0,2,0,0,0,0,0,0,0,0,0,0,0,0,3,0,0,0,0,0,0,0,0,0,0,0,0,0,0,1,0,0,0,2,0,0,0,0,0,0,0,0,0,0,0,0,3,0,0,0,0,0,0,0,0,0,0,0],"alphabet":"ACGT"},"yaaY":{"_35Count":[[0,0,0,1],[0,0,0,1],[0,0,1,0],[0,0,0,1],[0,1,0,0],[0,0,1,0]],"_10Count":[[0,0,0,1],[1,0,0,0],[0,0,0,1],[1,0,0,0],[0,1,0,0],[0,0,0,1]],"predictions":1,"gapTotal":18,"map":[0,0,0,0,0,0,0,0,0,0,0,0,0,0,0,0,0,0,0,0,0,0,0,0,0,0,0,0,0,0,0,0,0,0,0,0,0,0,0,0,0,0,0,0,0,0,0,0,0,0,0,0,0,0,0,0,0,0,0,0,0,0,0,0,0,0,0,1,0,0,0,2,0,0,0,0,0,0,0,0,0,0,0,0,3,0,0,0,0,0,0,0,0,0,0,0,0,0,0,1,0,0,0,2,0,0,0,0,0,0,0,0,0,0,0,0,3,0,0,0,0,0,0,0,0,0,0,0],"alphabet":"ACGT"}}